Archive member included to satisfy reference by file (symbol)

c:/program files (x86)/gnu arm embedded toolchain/10 2020-q4-major/bin/../lib/gcc/arm-none-eabi/10.2.1/../../../../arm-none-eabi/lib/thumb/v7-m/nofp\libg_nano.a(lib_a-errno.o)
                              ./system/src/newlib/_sbrk.o (__errno)
c:/program files (x86)/gnu arm embedded toolchain/10 2020-q4-major/bin/../lib/gcc/arm-none-eabi/10.2.1/../../../../arm-none-eabi/lib/thumb/v7-m/nofp\libg_nano.a(lib_a-impure.o)
                              c:/program files (x86)/gnu arm embedded toolchain/10 2020-q4-major/bin/../lib/gcc/arm-none-eabi/10.2.1/../../../../arm-none-eabi/lib/thumb/v7-m/nofp\libg_nano.a(lib_a-errno.o) (_impure_ptr)
c:/program files (x86)/gnu arm embedded toolchain/10 2020-q4-major/bin/../lib/gcc/arm-none-eabi/10.2.1/../../../../arm-none-eabi/lib/thumb/v7-m/nofp\libg_nano.a(lib_a-strlen.o)
                              ./system/src/diag/Trace.o (strlen)
c:/program files (x86)/gnu arm embedded toolchain/10 2020-q4-major/bin/../lib/gcc/arm-none-eabi/10.2.1/../../../../arm-none-eabi/lib/thumb/v7-m/nofp\libg_nano.a(lib_a-vsnprintf.o)
                              ./system/src/diag/Trace.o (vsnprintf)
c:/program files (x86)/gnu arm embedded toolchain/10 2020-q4-major/bin/../lib/gcc/arm-none-eabi/10.2.1/../../../../arm-none-eabi/lib/thumb/v7-m/nofp\libg_nano.a(lib_a-nano-svfprintf.o)
                              c:/program files (x86)/gnu arm embedded toolchain/10 2020-q4-major/bin/../lib/gcc/arm-none-eabi/10.2.1/../../../../arm-none-eabi/lib/thumb/v7-m/nofp\libg_nano.a(lib_a-vsnprintf.o) (_svfprintf_r)
c:/program files (x86)/gnu arm embedded toolchain/10 2020-q4-major/bin/../lib/gcc/arm-none-eabi/10.2.1/../../../../arm-none-eabi/lib/thumb/v7-m/nofp\libg_nano.a(lib_a-nano-vfprintf_i.o)
                              c:/program files (x86)/gnu arm embedded toolchain/10 2020-q4-major/bin/../lib/gcc/arm-none-eabi/10.2.1/../../../../arm-none-eabi/lib/thumb/v7-m/nofp\libg_nano.a(lib_a-nano-svfprintf.o) (_printf_i)
c:/program files (x86)/gnu arm embedded toolchain/10 2020-q4-major/bin/../lib/gcc/arm-none-eabi/10.2.1/../../../../arm-none-eabi/lib/thumb/v7-m/nofp\libg_nano.a(lib_a-memchr-stub.o)
                              c:/program files (x86)/gnu arm embedded toolchain/10 2020-q4-major/bin/../lib/gcc/arm-none-eabi/10.2.1/../../../../arm-none-eabi/lib/thumb/v7-m/nofp\libg_nano.a(lib_a-nano-svfprintf.o) (memchr)
c:/program files (x86)/gnu arm embedded toolchain/10 2020-q4-major/bin/../lib/gcc/arm-none-eabi/10.2.1/../../../../arm-none-eabi/lib/thumb/v7-m/nofp\libg_nano.a(lib_a-memcpy-stub.o)
                              c:/program files (x86)/gnu arm embedded toolchain/10 2020-q4-major/bin/../lib/gcc/arm-none-eabi/10.2.1/../../../../arm-none-eabi/lib/thumb/v7-m/nofp\libg_nano.a(lib_a-nano-svfprintf.o) (memcpy)
c:/program files (x86)/gnu arm embedded toolchain/10 2020-q4-major/bin/../lib/gcc/arm-none-eabi/10.2.1/../../../../arm-none-eabi/lib/thumb/v7-m/nofp\libg_nano.a(lib_a-memmove.o)
                              c:/program files (x86)/gnu arm embedded toolchain/10 2020-q4-major/bin/../lib/gcc/arm-none-eabi/10.2.1/../../../../arm-none-eabi/lib/thumb/v7-m/nofp\libg_nano.a(lib_a-nano-svfprintf.o) (memmove)
c:/program files (x86)/gnu arm embedded toolchain/10 2020-q4-major/bin/../lib/gcc/arm-none-eabi/10.2.1/../../../../arm-none-eabi/lib/thumb/v7-m/nofp\libg_nano.a(lib_a-nano-freer.o)
                              c:/program files (x86)/gnu arm embedded toolchain/10 2020-q4-major/bin/../lib/gcc/arm-none-eabi/10.2.1/../../../../arm-none-eabi/lib/thumb/v7-m/nofp\libg_nano.a(lib_a-nano-svfprintf.o) (_free_r)
c:/program files (x86)/gnu arm embedded toolchain/10 2020-q4-major/bin/../lib/gcc/arm-none-eabi/10.2.1/../../../../arm-none-eabi/lib/thumb/v7-m/nofp\libg_nano.a(lib_a-nano-mallocr.o)
                              c:/program files (x86)/gnu arm embedded toolchain/10 2020-q4-major/bin/../lib/gcc/arm-none-eabi/10.2.1/../../../../arm-none-eabi/lib/thumb/v7-m/nofp\libg_nano.a(lib_a-nano-svfprintf.o) (_malloc_r)
c:/program files (x86)/gnu arm embedded toolchain/10 2020-q4-major/bin/../lib/gcc/arm-none-eabi/10.2.1/../../../../arm-none-eabi/lib/thumb/v7-m/nofp\libg_nano.a(lib_a-nano-reallocr.o)
                              c:/program files (x86)/gnu arm embedded toolchain/10 2020-q4-major/bin/../lib/gcc/arm-none-eabi/10.2.1/../../../../arm-none-eabi/lib/thumb/v7-m/nofp\libg_nano.a(lib_a-nano-svfprintf.o) (_realloc_r)
c:/program files (x86)/gnu arm embedded toolchain/10 2020-q4-major/bin/../lib/gcc/arm-none-eabi/10.2.1/../../../../arm-none-eabi/lib/thumb/v7-m/nofp\libg_nano.a(lib_a-sbrkr.o)
                              c:/program files (x86)/gnu arm embedded toolchain/10 2020-q4-major/bin/../lib/gcc/arm-none-eabi/10.2.1/../../../../arm-none-eabi/lib/thumb/v7-m/nofp\libg_nano.a(lib_a-nano-mallocr.o) (_sbrk_r)
[...]
Memory Configuration

Name             Origin             Length             Attributes
RAM              0x20000000         0x00005000         xrw
CCMRAM           0x00000000         0x00000000         xrw
FLASH            0x08000000         0x00010000         xr
FLASHB1          0x00000000         0x00000000         xr
EXTMEMB0         0x00000000         0x00000000         xr
EXTMEMB1         0x00000000         0x00000000         xr
EXTMEMB2         0x00000000         0x00000000         xr
EXTMEMB3         0x00000000         0x00000000         xr
MEMORY_ARRAY     0x00000000         0x00000000         xrw
*default*        0x00000000         0xffffffff

Linker script and memory map

LOAD ./system/src/stm32f1-stdperiph/misc.o
LOAD ./system/src/stm32f1-stdperiph/stm32f10x_gpio.o
LOAD ./system/src/stm32f1-stdperiph/stm32f10x_rcc.o
LOAD ./system/src/newlib/_cxx.o
LOAD ./system/src/newlib/_exit.o
LOAD ./system/src/newlib/_sbrk.o
LOAD ./system/src/newlib/_startup.o
LOAD ./system/src/newlib/_syscalls.o
LOAD ./system/src/newlib/assert.o
LOAD ./system/src/diag/Trace.o
LOAD ./system/src/diag/trace_impl.o
LOAD ./system/src/cortexm/_initialize_hardware.o
LOAD ./system/src/cortexm/_reset_hardware.o
LOAD ./system/src/cortexm/exception_handlers.o
LOAD ./system/src/cmsis/system_stm32f10x.o
LOAD ./system/src/cmsis/vectors_stm32f10x.o
LOAD ./src/AFIO_program.o
LOAD ./src/EXTI_program.o
LOAD ./src/FLASH_program.o
LOAD ./src/GPIO_program.o
LOAD ./src/NVIC_program.o
LOAD ./src/RCC_program.o
LOAD ./src/SCB_program.o
LOAD ./src/STK_program.o
LOAD ./src/USART_program.o
LOAD ./src/main.o
LOAD c:/program files (x86)/gnu arm embedded toolchain/10 2020-q4-major/bin/../lib/gcc/arm-none-eabi/10.2.1/../../../../arm-none-eabi/lib/thumb/v7-m/nofp\libstdc++_nano.a
LOAD c:/program files (x86)/gnu arm embedded toolchain/10 2020-q4-major/bin/../lib/gcc/arm-none-eabi/10.2.1/../../../../arm-none-eabi/lib/thumb/v7-m/nofp\libm.a
START GROUP
LOAD c:/program files (x86)/gnu arm embedded toolchain/10 2020-q4-major/bin/../lib/gcc/arm-none-eabi/10.2.1/thumb/v7-m/nofp\libgcc.a
LOAD c:/program files (x86)/gnu arm embedded toolchain/10 2020-q4-major/bin/../lib/gcc/arm-none-eabi/10.2.1/../../../../arm-none-eabi/lib/thumb/v7-m/nofp\libg_nano.a
LOAD c:/program files (x86)/gnu arm embedded toolchain/10 2020-q4-major/bin/../lib/gcc/arm-none-eabi/10.2.1/../../../../arm-none-eabi/lib/thumb/v7-m/nofp\libc_nano.a
END GROUP
START GROUP
LOAD c:/program files (x86)/gnu arm embedded toolchain/10 2020-q4-major/bin/../lib/gcc/arm-none-eabi/10.2.1/thumb/v7-m/nofp\libgcc.a
LOAD c:/program files (x86)/gnu arm embedded toolchain/10 2020-q4-major/bin/../lib/gcc/arm-none-eabi/10.2.1/../../../../arm-none-eabi/lib/thumb/v7-m/nofp\libc_nano.a
END GROUP
                0x20005000                __stack = (ORIGIN (RAM) + LENGTH (RAM))
                0x20005000                _estack = __stack
                0x00000400                __Main_Stack_Size = 0x400
                [!provide]                PROVIDE (_Main_Stack_Size = __Main_Stack_Size)
                0x20004c00                __Main_Stack_Limit = (__stack - __Main_Stack_Size)
                [!provide]                PROVIDE (_Main_Stack_Limit = __Main_Stack_Limit)
                0x00000100                _Minimum_Stack_Size = 0x100
                0x20000144                PROVIDE (_Heap_Begin = _end_noinit)
                0x20004c00                PROVIDE (_Heap_Limit = (__stack - __Main_Stack_Size))

.isr_vector     0x08000000      0x350
 FILL mask 0xff
                0x08000000                __vectors_start = ABSOLUTE (.)
                0x08000000                __vectors_start__ = ABSOLUTE (.)
 *(.isr_vector)
 .isr_vector    0x08000000      0x10c ./system/src/cmsis/vectors_stm32f10x.o
                0x08000000                __isr_vectors
 *(.cfmconfig)
 *(.after_vectors .after_vectors.*)
 .after_vectors
                0x0800010c      0x114 ./system/src/newlib/_startup.o
                0x0800010c                _start
 .after_vectors
                0x08000220      0x12c ./system/src/cortexm/exception_handlers.o
                0x08000220                Reset_Handler
                0x08000226                NMI_Handler
                0x0800022a                HardFault_Handler
                0x0800023e                HardFault_Handler_C
                0x0800029c                MemManage_Handler
                0x080002a0                BusFault_Handler
                0x080002b4                BusFault_Handler_C
                0x080002e8                UsageFault_Handler
                0x080002fc                UsageFault_Handler_C
                0x08000330                SVC_Handler
                0x08000334                DebugMon_Handler
                0x08000338                PendSV_Handler
                0x0800033c                SysTick_Handler
 .after_vectors
                0x0800034c        0x4 ./system/src/cmsis/vectors_stm32f10x.o
                0x0800034c                TIM8_TRG_COM_IRQHandler
                0x0800034c                TIM8_CC_IRQHandler
                0x0800034c                TIM1_CC_IRQHandler
                0x0800034c                TIM6_IRQHandler
                0x0800034c                PVD_IRQHandler
                0x0800034c                SDIO_IRQHandler
                0x0800034c                CAN2_RX1_IRQHandler
                0x0800034c                TIM8_TRG_COM_TIM14_IRQHandler
                0x0800034c                TIM1_UP_TIM10_IRQHandler
                0x0800034c                TIM8_UP_TIM13_IRQHandler
                0x0800034c                I2C2_EV_IRQHandler
                0x0800034c                CAN1_RX0_IRQHandler
                0x0800034c                TIM1_UP_TIM16_IRQHandler
                0x0800034c                CAN2_SCE_IRQHandler
                0x0800034c                ADC1_2_IRQHandler
                0x0800034c                SPI1_IRQHandler
                0x0800034c                TAMPER_IRQHandler
                0x0800034c                TIM6_DAC_IRQHandler
                0x0800034c                TIM1_BRK_TIM9_IRQHandler
                0x0800034c                CAN2_RX0_IRQHandler
                0x0800034c                TIM8_UP_IRQHandler
                0x0800034c                DMA2_Channel2_IRQHandler
                0x0800034c                DMA1_Channel4_IRQHandler
                0x0800034c                USART3_IRQHandler
                0x0800034c                RTC_IRQHandler
                0x0800034c                DMA1_Channel7_IRQHandler
                0x0800034c                CAN1_RX1_IRQHandler
                0x0800034c                UART5_IRQHandler
                0x0800034c                ADC3_IRQHandler
                0x0800034c                TIM4_IRQHandler
                0x0800034c                DMA2_Channel1_IRQHandler
                0x0800034c                I2C1_EV_IRQHandler
                0x0800034c                DMA1_Channel6_IRQHandler
                0x0800034c                UART4_IRQHandler
                0x0800034c                DMA2_Channel4_IRQHandler
                0x0800034c                TIM3_IRQHandler
                0x0800034c                RCC_IRQHandler
                0x0800034c                TIM8_BRK_TIM12_IRQHandler
                0x0800034c                TIM1_TRG_COM_IRQHandler
                0x0800034c                DMA1_Channel1_IRQHandler
                0x0800034c                Default_Handler
                0x0800034c                CEC_IRQHandler
                0x0800034c                TIM14_IRQHandler
                0x0800034c                TIM13_IRQHandler
                0x0800034c                TIM12_IRQHandler
                0x0800034c                TIM7_IRQHandler
                0x0800034c                CAN2_TX_IRQHandler
                0x0800034c                TIM5_IRQHandler
                0x0800034c                ETH_WKUP_IRQHandler
                0x0800034c                SPI2_IRQHandler
                0x0800034c                CAN1_TX_IRQHandler
                0x0800034c                DMA2_Channel5_IRQHandler
                0x0800034c                DMA1_Channel5_IRQHandler
                0x0800034c                USB_LP_CAN1_RX0_IRQHandler
                0x0800034c                TIM1_TRG_COM_TIM17_IRQHandler
                0x0800034c                USB_HP_CAN1_TX_IRQHandler
                0x0800034c                DMA1_Channel3_IRQHandler
                0x0800034c                FSMC_IRQHandler
                0x0800034c                ETH_IRQHandler
                0x0800034c                TIM1_UP_IRQHandler
                0x0800034c                WWDG_IRQHandler
                0x0800034c                TIM2_IRQHandler
                0x0800034c                OTG_FS_WKUP_IRQHandler
                0x0800034c                TIM1_TRG_COM_TIM11_IRQHandler
                0x0800034c                TIM1_BRK_IRQHandler
                0x0800034c                RTCAlarm_IRQHandler
                0x0800034c                DMA2_Channel4_5_IRQHandler
                0x0800034c                USART2_IRQHandler
                0x0800034c                I2C2_ER_IRQHandler
                0x0800034c                DMA1_Channel2_IRQHandler
                0x0800034c                TIM8_BRK_IRQHandler
                0x0800034c                CAN1_SCE_IRQHandler
                0x0800034c                FLASH_IRQHandler
                0x0800034c                USART1_IRQHandler
                0x0800034c                OTG_FS_IRQHandler
                0x0800034c                SPI3_IRQHandler
                0x0800034c                I2C1_ER_IRQHandler
                0x0800034c                USBWakeUp_IRQHandler
                0x0800034c                DMA2_Channel3_IRQHandler
                0x0800034c                TIM1_BRK_TIM15_IRQHandler

.inits          0x08000350       0x28
                0x08000350                __data_regions_array_start = .
                0x08000350        0x4 LONG 0x8001500 LOADADDR (.data)
                0x08000354        0x4 LONG 0x20000000 ADDR (.data)
                0x08000358        0x4 LONG 0x20000088 (ADDR (.data) + SIZEOF (.data))
                0x0800035c        0x4 LONG 0x8001500 LOADADDR (.data_CCMRAM)
                0x08000360        0x4 LONG 0x0 ADDR (.data_CCMRAM)
                0x08000364        0x4 LONG 0x0 (ADDR (.data_CCMRAM) + SIZEOF (.data_CCMRAM))
                0x08000368                __data_regions_array_end = .
                0x08000368                __bss_regions_array_start = .
                0x08000368        0x4 LONG 0x20000088 ADDR (.bss)
                0x0800036c        0x4 LONG 0x20000144 (ADDR (.bss) + SIZEOF (.bss))
                0x08000370        0x4 LONG 0x0 ADDR (.bss_CCMRAM)
                0x08000374        0x4 LONG 0x0 (ADDR (.bss_CCMRAM) + SIZEOF (.bss_CCMRAM))
                0x08000378                __bss_regions_array_end = .
 *(.init)
 *(.fini)
                0x08000378                . = ALIGN (0x4)
                0x08000378                PROVIDE (__preinit_array_start = .)
 *(.preinit_array_sysinit .preinit_array_sysinit.*)
 *(.preinit_array_platform .preinit_array_platform.*)
 *(.preinit_array .preinit_array.*)
                0x08000378                PROVIDE (__preinit_array_end = .)
                0x08000378                . = ALIGN (0x4)
                0x08000378                PROVIDE (__init_array_start = .)
 *(SORT_BY_NAME(.init_array.*))
 *(.init_array)
                0x08000378                PROVIDE (__init_array_end = .)
                0x08000378                . = ALIGN (0x4)
                0x08000378                PROVIDE (__fini_array_start = .)
 *(SORT_BY_NAME(.fini_array.*))
 *(.fini_array)
                0x08000378                PROVIDE (__fini_array_end = .)

.flashtext
 *(.flashtext .flashtext.*)

.text           0x08000378     0x1187
 *(.text .text.*)
 .text._exit    0x08000378        0x2 ./system/src/newlib/_exit.o
                0x08000378                _exit
 *fill*         0x0800037a        0x2 
 .text._sbrk    0x0800037c       0x44 ./system/src/newlib/_sbrk.o
                0x0800037c                _sbrk
 .text.__initialize_args
                0x080003c0       0x10 ./system/src/newlib/_syscalls.o
                0x080003c0                __initialize_args
 .text.trace_printf
                0x080003d0       0x34 ./system/src/diag/Trace.o
                0x080003d0                trace_printf
 .text._trace_write_semihosting_debug
                0x08000404       0x60 ./system/src/diag/trace_impl.o
 .text.trace_write
                0x08000464        0x8 ./system/src/diag/trace_impl.o
                0x08000464                trace_write
 .text.__initialize_hardware_early
                0x0800046c       0x18 ./system/src/cortexm/_initialize_hardware.o
                0x0800046c                __initialize_hardware_early
 .text.__initialize_hardware
                0x08000484        0x8 ./system/src/cortexm/_initialize_hardware.o
                0x08000484                __initialize_hardware
 .text.dumpExceptionStack
                0x0800048c       0xf4 ./system/src/cortexm/exception_handlers.o
                0x0800048c                dumpExceptionStack
 .text.isSemihosting
                0x08000580       0x20 ./system/src/cortexm/exception_handlers.o
                0x08000580                isSemihosting
 .text.SetSysClockTo72
                0x080005a0       0xc4 ./system/src/cmsis/system_stm32f10x.o
 .text.SetSysClock
                0x08000664        0x8 ./system/src/cmsis/system_stm32f10x.o
 .text.SystemInit
                0x0800066c       0x50 ./system/src/cmsis/system_stm32f10x.o
                0x0800066c                SystemInit
 .text.SystemCoreClockUpdate
                0x080006bc       0x94 ./system/src/cmsis/system_stm32f10x.o
                0x080006bc                SystemCoreClockUpdate
 .text.EXTI0_IRQHandler
                0x08000750       0x10 ./src/EXTI_program.o
                0x08000750                EXTI0_IRQHandler
 .text.EXTI1_IRQHandler
                0x08000760       0x10 ./src/EXTI_program.o
                0x08000760                EXTI1_IRQHandler
 .text.EXTI2_IRQHandler
                0x08000770       0x10 ./src/EXTI_program.o
                0x08000770                EXTI2_IRQHandler
 .text.EXTI3_IRQHandler
                0x08000780       0x10 ./src/EXTI_program.o
                0x08000780                EXTI3_IRQHandler
 .text.EXTI4_IRQHandler
                0x08000790       0x10 ./src/EXTI_program.o
                0x08000790                EXTI4_IRQHandler
 .text.EXTI9_5_IRQHandler
                0x080007a0       0x10 ./src/EXTI_program.o
                0x080007a0                EXTI9_5_IRQHandler
 .text.EXTI15_10_IRQHandler
                0x080007b0       0x10 ./src/EXTI_program.o
                0x080007b0                EXTI15_10_IRQHandler
 .text.MGPIO_voidSetPinMode
                0x080007c0      0x120 ./src/GPIO_program.o
                0x080007c0                MGPIO_voidSetPinMode
 .text.MGPIO_voidSetPinValue
                0x080008e0       0x78 ./src/GPIO_program.o
                0x080008e0                MGPIO_voidSetPinValue
 .text.MRCC_voidClockInit
                0x08000958       0x3c ./src/RCC_program.o
                0x08000958                MRCC_voidClockInit
 .text.MRCC_voidPeripheralClockEnable
                0x08000994       0x48 ./src/RCC_program.o
                0x08000994                MRCC_voidPeripheralClockEnable
 .text.MUSART_voidInit
                0x080009dc       0x2c ./src/USART_program.o
                0x080009dc                MUSART_voidInit
 .text.MUSART_voidSend_u8Char
                0x08000a08       0x20 ./src/USART_program.o
                0x08000a08                MUSART_voidSend_u8Char
 .text.MUSART_u8Receive_Char
                0x08000a28       0x20 ./src/USART_program.o
                0x08000a28                MUSART_u8Receive_Char
 .text.MUSART_voidSend_u8String
                0x08000a48       0x18 ./src/USART_program.o
                0x08000a48                MUSART_voidSend_u8String
 .text.main     0x08000a60       0x70 ./src/main.o
                0x08000a60                main
 .text.__errno  0x08000ad0        0xc c:/program files (x86)/gnu arm embedded toolchain/10 2020-q4-major/bin/../lib/gcc/arm-none-eabi/10.2.1/../../../../arm-none-eabi/lib/thumb/v7-m/nofp\libg_nano.a(lib_a-errno.o)
                0x08000ad0                __errno
 .text._vsnprintf_r
                0x08000adc       0x56 c:/program files (x86)/gnu arm embedded toolchain/10 2020-q4-major/bin/../lib/gcc/arm-none-eabi/10.2.1/../../../../arm-none-eabi/lib/thumb/v7-m/nofp\libg_nano.a(lib_a-vsnprintf.o)
                0x08000adc                _vsniprintf_r
                0x08000adc                _vsnprintf_r
 *fill*         0x08000b32        0x2 
 .text.vsnprintf
                0x08000b34       0x1c c:/program files (x86)/gnu arm embedded toolchain/10 2020-q4-major/bin/../lib/gcc/arm-none-eabi/10.2.1/../../../../arm-none-eabi/lib/thumb/v7-m/nofp\libg_nano.a(lib_a-vsnprintf.o)
                0x08000b34                vsniprintf
                0x08000b34                vsnprintf
 .text.__ssputs_r
                0x08000b50       0xb6 c:/program files (x86)/gnu arm embedded toolchain/10 2020-q4-major/bin/../lib/gcc/arm-none-eabi/10.2.1/../../../../arm-none-eabi/lib/thumb/v7-m/nofp\libg_nano.a(lib_a-nano-svfprintf.o)
                0x08000b50                __ssputs_r
 *fill*         0x08000c06        0x2 
 .text._svfprintf_r
                0x08000c08      0x200 c:/program files (x86)/gnu arm embedded toolchain/10 2020-q4-major/bin/../lib/gcc/arm-none-eabi/10.2.1/../../../../arm-none-eabi/lib/thumb/v7-m/nofp\libg_nano.a(lib_a-nano-svfprintf.o)
                0x08000c08                _svfiprintf_r
                0x08000c08                _svfprintf_r
 .text._printf_common
                0x08000e08       0xde c:/program files (x86)/gnu arm embedded toolchain/10 2020-q4-major/bin/../lib/gcc/arm-none-eabi/10.2.1/../../../../arm-none-eabi/lib/thumb/v7-m/nofp\libg_nano.a(lib_a-nano-vfprintf_i.o)
                0x08000e08                _printf_common
 *fill*         0x08000ee6        0x2 
 .text._printf_i
                0x08000ee8      0x24c c:/program files (x86)/gnu arm embedded toolchain/10 2020-q4-major/bin/../lib/gcc/arm-none-eabi/10.2.1/../../../../arm-none-eabi/lib/thumb/v7-m/nofp\libg_nano.a(lib_a-nano-vfprintf_i.o)
                0x08000ee8                _printf_i
 .text.memchr   0x08001134       0x1c c:/program files (x86)/gnu arm embedded toolchain/10 2020-q4-major/bin/../lib/gcc/arm-none-eabi/10.2.1/../../../../arm-none-eabi/lib/thumb/v7-m/nofp\libg_nano.a(lib_a-memchr-stub.o)
                0x08001134                memchr
 .text.memcpy   0x08001150       0x1c c:/program files (x86)/gnu arm embedded toolchain/10 2020-q4-major/bin/../lib/gcc/arm-none-eabi/10.2.1/../../../../arm-none-eabi/lib/thumb/v7-m/nofp\libg_nano.a(lib_a-memcpy-stub.o)
                0x08001150                memcpy
 .text.memmove  0x0800116c       0x34 c:/program files (x86)/gnu arm embedded toolchain/10 2020-q4-major/bin/../lib/gcc/arm-none-eabi/10.2.1/../../../../arm-none-eabi/lib/thumb/v7-m/nofp\libg_nano.a(lib_a-memmove.o)
                0x0800116c                memmove
 .text._free_r  0x080011a0       0x90 c:/program files (x86)/gnu arm embedded toolchain/10 2020-q4-major/bin/../lib/gcc/arm-none-eabi/10.2.1/../../../../arm-none-eabi/lib/thumb/v7-m/nofp\libg_nano.a(lib_a-nano-freer.o)
                0x080011a0                _free_r
 .text._malloc_r
                0x08001230       0xb4 c:/program files (x86)/gnu arm embedded toolchain/10 2020-q4-major/bin/../lib/gcc/arm-none-eabi/10.2.1/../../../../arm-none-eabi/lib/thumb/v7-m/nofp\libg_nano.a(lib_a-nano-mallocr.o)
                0x08001230                _malloc_r
 .text._realloc_r
                0x080012e4       0x4c c:/program files (x86)/gnu arm embedded toolchain/10 2020-q4-major/bin/../lib/gcc/arm-none-eabi/10.2.1/../../../../arm-none-eabi/lib/thumb/v7-m/nofp\libg_nano.a(lib_a-nano-reallocr.o)
                0x080012e4                _realloc_r
 .text._sbrk_r  0x08001330       0x20 c:/program files (x86)/gnu arm embedded toolchain/10 2020-q4-major/bin/../lib/gcc/arm-none-eabi/10.2.1/../../../../arm-none-eabi/lib/thumb/v7-m/nofp\libg_nano.a(lib_a-sbrkr.o)
                0x08001330                _sbrk_r
 .text.__malloc_lock
                0x08001350        0xc c:/program files (x86)/gnu arm embedded toolchain/10 2020-q4-major/bin/../lib/gcc/arm-none-eabi/10.2.1/../../../../arm-none-eabi/lib/thumb/v7-m/nofp\libg_nano.a(lib_a-mlock.o)
                0x08001350                __malloc_lock
 .text.__malloc_unlock
                0x0800135c        0xc c:/program files (x86)/gnu arm embedded toolchain/10 2020-q4-major/bin/../lib/gcc/arm-none-eabi/10.2.1/../../../../arm-none-eabi/lib/thumb/v7-m/nofp\libg_nano.a(lib_a-mlock.o)
                0x0800135c                __malloc_unlock
 .text._malloc_usable_size_r
                0x08001368       0x10 c:/program files (x86)/gnu arm embedded toolchain/10 2020-q4-major/bin/../lib/gcc/arm-none-eabi/10.2.1/../../../../arm-none-eabi/lib/thumb/v7-m/nofp\libg_nano.a(lib_a-nano-msizer.o)
                0x08001368                _malloc_usable_size_r
 .text.__retarget_lock_acquire_recursive
                0x08001378        0x2 c:/program files (x86)/gnu arm embedded toolchain/10 2020-q4-major/bin/../lib/gcc/arm-none-eabi/10.2.1/../../../../arm-none-eabi/lib/thumb/v7-m/nofp\libg_nano.a(lib_a-lock.o)
                0x08001378                __retarget_lock_acquire_recursive
 .text.__retarget_lock_release_recursive
                0x0800137a        0x2 c:/program files (x86)/gnu arm embedded toolchain/10 2020-q4-major/bin/../lib/gcc/arm-none-eabi/10.2.1/../../../../arm-none-eabi/lib/thumb/v7-m/nofp\libg_nano.a(lib_a-lock.o)
                0x0800137a                __retarget_lock_release_recursive
 *(.rodata .rodata.* .constdata .constdata.*)
 .rodata.dumpExceptionStack.str1.4
                0x0800137c      0x11a ./system/src/cortexm/exception_handlers.o
 *fill*         0x08001496        0x2 
 .rodata.str1.4
                0x08001498       0x2a ./system/src/cortexm/exception_handlers.o
 *fill*         0x080014c2        0x2 
 .rodata.main.str1.4
                0x080014c4        0x8 ./src/main.o
 .rodata._svfprintf_r.str1.1
                0x080014cc       0x11 c:/program files (x86)/gnu arm embedded toolchain/10 2020-q4-major/bin/../lib/gcc/arm-none-eabi/10.2.1/../../../../arm-none-eabi/lib/thumb/v7-m/nofp\libg_nano.a(lib_a-nano-svfprintf.o)
 .rodata._printf_i.str1.1
                0x080014dd       0x22 c:/program files (x86)/gnu arm embedded toolchain/10 2020-q4-major/bin/../lib/gcc/arm-none-eabi/10.2.1/../../../../arm-none-eabi/lib/thumb/v7-m/nofp\libg_nano.a(lib_a-nano-vfprintf_i.o)
 *(vtable)
 *(.eh_frame*)
 *(.glue_7)
 .glue_7        0x080014ff        0x0 linker stubs
 *(.glue_7t)
 .glue_7t       0x080014ff        0x0 linker stubs

.vfp11_veneer   0x08001500        0x0
 .vfp11_veneer  0x08001500        0x0 linker stubs

.v4_bx          0x08001500        0x0
 .v4_bx         0x08001500        0x0 linker stubs

.iplt           0x08001500        0x0
 .iplt          0x08001500        0x0 ./system/src/newlib/_sbrk.o

.rel.dyn        0x08001500        0x0
 .rel.iplt      0x08001500        0x0 ./system/src/newlib/_sbrk.o

.ARM.extab
 *(.ARM.extab* .gnu.linkonce.armextab.*)
                0x08001500                . = ALIGN (0x4)
                0x08001500                __exidx_start = .

.ARM.exidx
 *(.ARM.exidx* .gnu.linkonce.armexidx.*)
                0x08001500                __exidx_end = .
                0x08001500                . = ALIGN (0x4)
                0x08001500                _etext = .
                0x08001500                __etext = .

.data_CCMRAM    0x00000000        0x0 load address 0x08001500
 FILL mask 0xff
 *(.data.CCMRAM .data.CCMRAM.*)
                0x00000000                . = ALIGN (0x4)
                0x08001500                _sidata = LOADADDR (.data)

.data           0x20000000       0x88 load address 0x08001500
 FILL mask 0xff
                0x20000000                _sdata = .
                0x20000000                __data_start__ = .
 *(.data_begin .data_begin.*)
 .data_begin    0x20000000        0x4 ./system/src/newlib/_startup.o
 *(.data .data.*)
 .data.argv.1   0x20000004        0x8 ./system/src/newlib/_syscalls.o
 .data.AHBPrescTable
                0x2000000c       0x10 ./system/src/cmsis/system_stm32f10x.o
                0x2000000c                AHBPrescTable
 .data.SystemCoreClock
                0x2000001c        0x4 ./system/src/cmsis/system_stm32f10x.o
                0x2000001c                SystemCoreClock
 .data._impure_ptr
                0x20000020        0x4 c:/program files (x86)/gnu arm embedded toolchain/10 2020-q4-major/bin/../lib/gcc/arm-none-eabi/10.2.1/../../../../arm-none-eabi/lib/thumb/v7-m/nofp\libg_nano.a(lib_a-impure.o)
                0x20000020                _impure_ptr
 .data.impure_data
                0x20000024       0x60 c:/program files (x86)/gnu arm embedded toolchain/10 2020-q4-major/bin/../lib/gcc/arm-none-eabi/10.2.1/../../../../arm-none-eabi/lib/thumb/v7-m/nofp\libg_nano.a(lib_a-impure.o)
 *(.data_end .data_end.*)
 .data_end      0x20000084        0x4 ./system/src/newlib/_startup.o
                0x20000088                . = ALIGN (0x4)
                0x20000088                _edata = .
                0x20000088                __data_end__ = .

.igot.plt       0x20000088        0x0 load address 0x08001588
 .igot.plt      0x20000088        0x0 ./system/src/newlib/_sbrk.o

.bss_CCMRAM     0x00000000        0x0
 *(.bss.CCMRAM .bss.CCMRAM.*)

.bss            0x20000088       0xbc
                0x20000088                __bss_start__ = .
                0x20000088                _sbss = .
 *(.bss_begin .bss_begin.*)
 .bss_begin     0x20000088        0x4 ./system/src/newlib/_startup.o
 *(.bss .bss.*)
 .bss.current_heap_end.0
                0x2000008c        0x4 ./system/src/newlib/_sbrk.o
 .bss.errno     0x20000090        0x4 ./system/src/newlib/_syscalls.o
                0x20000090                errno
 .bss.name.0    0x20000094        0x1 ./system/src/newlib/_syscalls.o
 *fill*         0x20000095        0x3 
 .bss.buf.0     0x20000098       0x80 ./system/src/diag/Trace.o
 .bss.EXTI0_CallBack
                0x20000118        0x4 ./src/EXTI_program.o
 .bss.EXTI15_10_CallBack
                0x2000011c        0x4 ./src/EXTI_program.o
 .bss.EXTI1_CallBack
                0x20000120        0x4 ./src/EXTI_program.o
 .bss.EXTI2_CallBack
                0x20000124        0x4 ./src/EXTI_program.o
 .bss.EXTI3_CallBack
                0x20000128        0x4 ./src/EXTI_program.o
 .bss.EXTI4_CallBack
                0x2000012c        0x4 ./src/EXTI_program.o
 .bss.EXTI9_5_CallBack
                0x20000130        0x4 ./src/EXTI_program.o
 .bss.__malloc_free_list
                0x20000134        0x4 c:/program files (x86)/gnu arm embedded toolchain/10 2020-q4-major/bin/../lib/gcc/arm-none-eabi/10.2.1/../../../../arm-none-eabi/lib/thumb/v7-m/nofp\libg_nano.a(lib_a-nano-mallocr.o)
                0x20000134                __malloc_free_list
 .bss.__malloc_sbrk_start
                0x20000138        0x4 c:/program files (x86)/gnu arm embedded toolchain/10 2020-q4-major/bin/../lib/gcc/arm-none-eabi/10.2.1/../../../../arm-none-eabi/lib/thumb/v7-m/nofp\libg_nano.a(lib_a-nano-mallocr.o)
                0x20000138                __malloc_sbrk_start
 .bss.__lock___malloc_recursive_mutex
                0x2000013c        0x1 c:/program files (x86)/gnu arm embedded toolchain/10 2020-q4-major/bin/../lib/gcc/arm-none-eabi/10.2.1/../../../../arm-none-eabi/lib/thumb/v7-m/nofp\libg_nano.a(lib_a-lock.o)
                0x2000013c                __lock___malloc_recursive_mutex
 *(COMMON)
 *(.bss_end .bss_end.*)
 *fill*         0x2000013d        0x3 
 .bss_end       0x20000140        0x4 ./system/src/newlib/_startup.o
                0x20000144                . = ALIGN (0x4)
                0x20000144                __bss_end__ = .
                0x20000144                _ebss = .

.noinit_CCMRAM
 *(.noinit.CCMRAM .noinit.CCMRAM.*)

.noinit         0x20000144        0x0
                0x20000144                _noinit = .
 *(.noinit .noinit.*)
                0x20000144                . = ALIGN (0x4)
                0x20000144                _end_noinit = .
                [!provide]                PROVIDE (end = _end_noinit)
                [!provide]                PROVIDE (_end = _end_noinit)
                [!provide]                PROVIDE (__end = _end_noinit)
                [!provide]                PROVIDE (__end__ = _end_noinit)

._check_stack   0x20000144      0x100
                0x20000244                . = (. + _Minimum_Stack_Size)
 *fill*         0x20000144      0x100 

.b1text
 *(.b1text)
 *(.b1rodata)
 *(.b1rodata.*)

.eb0text
 *(.eb0text)
 *(.eb0rodata)
 *(.eb0rodata.*)

.eb1text
 *(.eb1text)
 *(.eb1rodata)
 *(.eb1rodata.*)

.eb2text
 *(.eb2text)
 *(.eb2rodata)
 *(.eb2rodata.*)

.eb3text
 *(.eb3text)
 *(.eb3rodata)
 *(.eb3rodata.*)

.stab
 *(.stab)

.stabstr
 *(.stabstr)

.stab.excl
 *(.stab.excl)

.stab.exclstr
 *(.stab.exclstr)

.stab.index
 *(.stab.index)

.stab.indexstr
 *(.stab.indexstr)

.comment        0x00000000       0x4d
 *(.comment)
 .comment       0x00000000       0x4d ./system/src/newlib/_exit.o
                                 0x4e (size before relaxing)
 .comment       0x0000004d       0x4e ./system/src/newlib/_sbrk.o
 .comment       0x0000004d       0x4e ./system/src/newlib/_startup.o
 .comment       0x0000004d       0x4e ./system/src/newlib/_syscalls.o
 .comment       0x0000004d       0x4e ./system/src/diag/Trace.o
 .comment       0x0000004d       0x4e ./system/src/diag/trace_impl.o
 .comment       0x0000004d       0x4e ./system/src/cortexm/_initialize_hardware.o
 .comment       0x0000004d       0x4e ./system/src/cortexm/exception_handlers.o
 .comment       0x0000004d       0x4e ./system/src/cmsis/system_stm32f10x.o
 .comment       0x0000004d       0x4e ./system/src/cmsis/vectors_stm32f10x.o
 .comment       0x0000004d       0x4e ./src/EXTI_program.o
 .comment       0x0000004d       0x4e ./src/GPIO_program.o
 .comment       0x0000004d       0x4e ./src/RCC_program.o
 .comment       0x0000004d       0x4e ./src/USART_program.o
 .comment       0x0000004d       0x4e ./src/main.o

.ARM.attributes
                0x00000000       0x2b
 .ARM.attributes
                0x00000000       0x2d ./system/src/newlib/_exit.o
 .ARM.attributes
                0x0000002d       0x2d ./system/src/newlib/_sbrk.o
 .ARM.attributes
                0x0000005a       0x2d ./system/src/newlib/_startup.o
 .ARM.attributes
                0x00000087       0x2d ./system/src/newlib/_syscalls.o
 .ARM.attributes
                0x000000b4       0x2d ./system/src/diag/Trace.o
 .ARM.attributes
                0x000000e1       0x2d ./system/src/diag/trace_impl.o
 .ARM.attributes
                0x0000010e       0x2d ./system/src/cortexm/_initialize_hardware.o
 .ARM.attributes
                0x0000013b       0x2d ./system/src/cortexm/exception_handlers.o
 .ARM.attributes
                0x00000168       0x2d ./system/src/cmsis/system_stm32f10x.o
 .ARM.attributes
                0x00000195       0x2d ./system/src/cmsis/vectors_stm32f10x.o
 .ARM.attributes
                0x000001c2       0x2d ./src/EXTI_program.o
 .ARM.attributes
                0x000001ef       0x2d ./src/GPIO_program.o
 .ARM.attributes
                0x0000021c       0x2d ./src/RCC_program.o
 .ARM.attributes
                0x00000249       0x2d ./src/USART_program.o
 .ARM.attributes
                0x00000276       0x2d ./src/main.o
 .ARM.attributes
                0x000002a3       0x2d c:/program files (x86)/gnu arm embedded toolchain/10 2020-q4-major/bin/../lib/gcc/arm-none-eabi/10.2.1/../../../../arm-none-eabi/lib/thumb/v7-m/nofp\libg_nano.a(lib_a-errno.o)
 .ARM.attributes
                0x000002d0       0x2d c:/program files (x86)/gnu arm embedded toolchain/10 2020-q4-major/bin/../lib/gcc/arm-none-eabi/10.2.1/../../../../arm-none-eabi/lib/thumb/v7-m/nofp\libg_nano.a(lib_a-impure.o)
 .ARM.attributes
                0x000002fd       0x2d c:/program files (x86)/gnu arm embedded toolchain/10 2020-q4-major/bin/../lib/gcc/arm-none-eabi/10.2.1/../../../../arm-none-eabi/lib/thumb/v7-m/nofp\libg_nano.a(lib_a-vsnprintf.o)
 .ARM.attributes
                0x0000032a       0x2d c:/program files (x86)/gnu arm embedded toolchain/10 2020-q4-major/bin/../lib/gcc/arm-none-eabi/10.2.1/../../../../arm-none-eabi/lib/thumb/v7-m/nofp\libg_nano.a(lib_a-nano-svfprintf.o)
 .ARM.attributes
                0x00000357       0x2d c:/program files (x86)/gnu arm embedded toolchain/10 2020-q4-major/bin/../lib/gcc/arm-none-eabi/10.2.1/../../../../arm-none-eabi/lib/thumb/v7-m/nofp\libg_nano.a(lib_a-nano-vfprintf_i.o)
 .ARM.attributes
                0x00000384       0x2d c:/program files (x86)/gnu arm embedded toolchain/10 2020-q4-major/bin/../lib/gcc/arm-none-eabi/10.2.1/../../../../arm-none-eabi/lib/thumb/v7-m/nofp\libg_nano.a(lib_a-memchr-stub.o)
 .ARM.attributes
                0x000003b1       0x2d c:/program files (x86)/gnu arm embedded toolchain/10 2020-q4-major/bin/../lib/gcc/arm-none-eabi/10.2.1/../../../../arm-none-eabi/lib/thumb/v7-m/nofp\libg_nano.a(lib_a-memcpy-stub.o)
 .ARM.attributes
                0x000003de       0x2d c:/program files (x86)/gnu arm embedded toolchain/10 2020-q4-major/bin/../lib/gcc/arm-none-eabi/10.2.1/../../../../arm-none-eabi/lib/thumb/v7-m/nofp\libg_nano.a(lib_a-memmove.o)
 .ARM.attributes
                0x0000040b       0x2d c:/program files (x86)/gnu arm embedded toolchain/10 2020-q4-major/bin/../lib/gcc/arm-none-eabi/10.2.1/../../../../arm-none-eabi/lib/thumb/v7-m/nofp\libg_nano.a(lib_a-nano-freer.o)
 .ARM.attributes
                0x00000438       0x2d c:/program files (x86)/gnu arm embedded toolchain/10 2020-q4-major/bin/../lib/gcc/arm-none-eabi/10.2.1/../../../../arm-none-eabi/lib/thumb/v7-m/nofp\libg_nano.a(lib_a-nano-mallocr.o)
 .ARM.attributes
                0x00000465       0x2d c:/program files (x86)/gnu arm embedded toolchain/10 2020-q4-major/bin/../lib/gcc/arm-none-eabi/10.2.1/../../../../arm-none-eabi/lib/thumb/v7-m/nofp\libg_nano.a(lib_a-nano-reallocr.o)
 .ARM.attributes
                0x00000492       0x2d c:/program files (x86)/gnu arm embedded toolchain/10 2020-q4-major/bin/../lib/gcc/arm-none-eabi/10.2.1/../../../../arm-none-eabi/lib/thumb/v7-m/nofp\libg_nano.a(lib_a-sbrkr.o)
 .ARM.attributes
                0x000004bf       0x2d c:/program files (x86)/gnu arm embedded toolchain/10 2020-q4-major/bin/../lib/gcc/arm-none-eabi/10.2.1/../../../../arm-none-eabi/lib/thumb/v7-m/nofp\libg_nano.a(lib_a-mlock.o)
 .ARM.attributes
                0x000004ec       0x2d c:/program files (x86)/gnu arm embedded toolchain/10 2020-q4-major/bin/../lib/gcc/arm-none-eabi/10.2.1/../../../../arm-none-eabi/lib/thumb/v7-m/nofp\libg_nano.a(lib_a-nano-msizer.o)
 .ARM.attributes
                0x00000519       0x2d c:/program files (x86)/gnu arm embedded toolchain/10 2020-q4-major/bin/../lib/gcc/arm-none-eabi/10.2.1/../../../../arm-none-eabi/lib/thumb/v7-m/nofp\libg_nano.a(lib_a-lock.o)

.debug
 *(.debug)

.line
 *(.line)

.debug_srcinfo
 *(.debug_srcinfo)

.debug_sfnames
 *(.debug_sfnames)

.debug_aranges  0x00000000      0x360
 *(.debug_aranges)
 .debug_aranges
                0x00000000       0x28 ./system/src/newlib/_exit.o
 .debug_aranges
                0x00000028       0x20 ./system/src/newlib/_sbrk.o
 .debug_aranges
                0x00000048       0x40 ./system/src/newlib/_startup.o
 .debug_aranges
                0x00000088       0x30 ./system/src/newlib/_syscalls.o
 .debug_aranges
                0x000000b8       0x38 ./system/src/diag/Trace.o
 .debug_aranges
                0x000000f0       0x30 ./system/src/diag/trace_impl.o
 .debug_aranges
                0x00000120       0x28 ./system/src/cortexm/_initialize_hardware.o
 .debug_aranges
                0x00000148       0x90 ./system/src/cortexm/exception_handlers.o
 .debug_aranges
                0x000001d8       0x38 ./system/src/cmsis/system_stm32f10x.o
 .debug_aranges
                0x00000210       0x20 ./system/src/cmsis/vectors_stm32f10x.o
 .debug_aranges
                0x00000230       0x68 ./src/EXTI_program.o
 .debug_aranges
                0x00000298       0x30 ./src/GPIO_program.o
 .debug_aranges
                0x000002c8       0x30 ./src/RCC_program.o
 .debug_aranges
                0x000002f8       0x40 ./src/USART_program.o
 .debug_aranges
                0x00000338       0x28 ./src/main.o

.debug_pubnames
 *(.debug_pubnames)

.debug_info     0x00000000     0x2d36
 *(.debug_info .gnu.linkonce.wi.*)
 .debug_info    0x00000000       0xf2 ./system/src/newlib/_exit.o
 .debug_info    0x000000f2      0x112 ./system/src/newlib/_sbrk.o
 .debug_info    0x00000204      0x4ae ./system/src/newlib/_startup.o
 .debug_info    0x000006b2      0x1d5 ./system/src/newlib/_syscalls.o
 .debug_info    0x00000887      0x30b ./system/src/diag/Trace.o
 .debug_info    0x00000b92      0x320 ./system/src/diag/trace_impl.o
 .debug_info    0x00000eb2      0x2ac ./system/src/cortexm/_initialize_hardware.o
 .debug_info    0x0000115e      0x968 ./system/src/cortexm/exception_handlers.o
 .debug_info    0x00001ac6      0x4bd ./system/src/cmsis/system_stm32f10x.o
 .debug_info    0x00001f83       0xce ./system/src/cmsis/vectors_stm32f10x.o
 .debug_info    0x00002051      0x279 ./src/EXTI_program.o
 .debug_info    0x000022ca      0x1de ./src/GPIO_program.o
 .debug_info    0x000024a8      0x2e3 ./src/RCC_program.o
 .debug_info    0x0000278b      0x215 ./src/USART_program.o
 .debug_info    0x000029a0      0x396 ./src/main.o

.debug_abbrev   0x00000000     0x11fe
 *(.debug_abbrev)
 .debug_abbrev  0x00000000       0x97 ./system/src/newlib/_exit.o
 .debug_abbrev  0x00000097       0xcd ./system/src/newlib/_sbrk.o
 .debug_abbrev  0x00000164      0x1b1 ./system/src/newlib/_startup.o
 .debug_abbrev  0x00000315      0x10e ./system/src/newlib/_syscalls.o
 .debug_abbrev  0x00000423      0x173 ./system/src/diag/Trace.o
 .debug_abbrev  0x00000596      0x1eb ./system/src/diag/trace_impl.o
 .debug_abbrev  0x00000781       0xe9 ./system/src/cortexm/_initialize_hardware.o
 .debug_abbrev  0x0000086a      0x267 ./system/src/cortexm/exception_handlers.o
 .debug_abbrev  0x00000ad1      0x18a ./system/src/cmsis/system_stm32f10x.o
 .debug_abbrev  0x00000c5b       0xa5 ./system/src/cmsis/vectors_stm32f10x.o
 .debug_abbrev  0x00000d00      0x110 ./src/EXTI_program.o
 .debug_abbrev  0x00000e10       0xf6 ./src/GPIO_program.o
 .debug_abbrev  0x00000f06       0xc8 ./src/RCC_program.o
 .debug_abbrev  0x00000fce      0x13c ./src/USART_program.o
 .debug_abbrev  0x0000110a       0xf4 ./src/main.o

.debug_line     0x00000000     0x3b09
 *(.debug_line)
 .debug_line    0x00000000      0x39e ./system/src/newlib/_exit.o
 .debug_line    0x0000039e      0x388 ./system/src/newlib/_sbrk.o
 .debug_line    0x00000726      0x606 ./system/src/newlib/_startup.o
 .debug_line    0x00000d2c      0x4a5 ./system/src/newlib/_syscalls.o
 .debug_line    0x000011d1      0x47a ./system/src/diag/Trace.o
 .debug_line    0x0000164b      0x6e2 ./system/src/diag/trace_impl.o
 .debug_line    0x00001d2d      0x393 ./system/src/cortexm/_initialize_hardware.o
 .debug_line    0x000020c0      0x916 ./system/src/cortexm/exception_handlers.o
 .debug_line    0x000029d6      0x5b6 ./system/src/cmsis/system_stm32f10x.o
 .debug_line    0x00002f8c      0x125 ./system/src/cmsis/vectors_stm32f10x.o
 .debug_line    0x000030b1      0x246 ./src/EXTI_program.o
 .debug_line    0x000032f7      0x2d4 ./src/GPIO_program.o
 .debug_line    0x000035cb      0x16d ./src/RCC_program.o
 .debug_line    0x00003738      0x1b7 ./src/USART_program.o
 .debug_line    0x000038ef      0x21a ./src/main.o

.debug_frame    0x00000000      0xa18
 *(.debug_frame)
 .debug_frame   0x00000000       0x38 ./system/src/newlib/_exit.o
 .debug_frame   0x00000038       0x28 ./system/src/newlib/_sbrk.o
 .debug_frame   0x00000060       0x7c ./system/src/newlib/_startup.o
 .debug_frame   0x000000dc       0x50 ./system/src/newlib/_syscalls.o
 .debug_frame   0x0000012c       0x94 ./system/src/diag/Trace.o
 .debug_frame   0x000001c0       0x64 ./system/src/diag/trace_impl.o
 .debug_frame   0x00000224       0x40 ./system/src/cortexm/_initialize_hardware.o
 .debug_frame   0x00000264      0x158 ./system/src/cortexm/exception_handlers.o
 .debug_frame   0x000003bc       0x6c ./system/src/cmsis/system_stm32f10x.o
 .debug_frame   0x00000428       0x20 ./system/src/cmsis/vectors_stm32f10x.o
 .debug_frame   0x00000448       0xf4 ./src/EXTI_program.o
 .debug_frame   0x0000053c       0x4c ./src/GPIO_program.o
 .debug_frame   0x00000588       0x40 ./src/RCC_program.o
 .debug_frame   0x000005c8       0x74 ./src/USART_program.o
 .debug_frame   0x0000063c       0x38 ./src/main.o
 .debug_frame   0x00000674       0x20 c:/program files (x86)/gnu arm embedded toolchain/10 2020-q4-major/bin/../lib/gcc/arm-none-eabi/10.2.1/../../../../arm-none-eabi/lib/thumb/v7-m/nofp\libg_nano.a(lib_a-errno.o)
 .debug_frame   0x00000694       0x4c c:/program files (x86)/gnu arm embedded toolchain/10 2020-q4-major/bin/../lib/gcc/arm-none-eabi/10.2.1/../../../../arm-none-eabi/lib/thumb/v7-m/nofp\libg_nano.a(lib_a-vsnprintf.o)
 .debug_frame   0x000006e0       0x90 c:/program files (x86)/gnu arm embedded toolchain/10 2020-q4-major/bin/../lib/gcc/arm-none-eabi/10.2.1/../../../../arm-none-eabi/lib/thumb/v7-m/nofp\libg_nano.a(lib_a-nano-svfprintf.o)
 .debug_frame   0x00000770       0x60 c:/program files (x86)/gnu arm embedded toolchain/10 2020-q4-major/bin/../lib/gcc/arm-none-eabi/10.2.1/../../../../arm-none-eabi/lib/thumb/v7-m/nofp\libg_nano.a(lib_a-nano-vfprintf_i.o)
 .debug_frame   0x000007d0       0x28 c:/program files (x86)/gnu arm embedded toolchain/10 2020-q4-major/bin/../lib/gcc/arm-none-eabi/10.2.1/../../../../arm-none-eabi/lib/thumb/v7-m/nofp\libg_nano.a(lib_a-memchr-stub.o)
 .debug_frame   0x000007f8       0x28 c:/program files (x86)/gnu arm embedded toolchain/10 2020-q4-major/bin/../lib/gcc/arm-none-eabi/10.2.1/../../../../arm-none-eabi/lib/thumb/v7-m/nofp\libg_nano.a(lib_a-memcpy-stub.o)
 .debug_frame   0x00000820       0x28 c:/program files (x86)/gnu arm embedded toolchain/10 2020-q4-major/bin/../lib/gcc/arm-none-eabi/10.2.1/../../../../arm-none-eabi/lib/thumb/v7-m/nofp\libg_nano.a(lib_a-memmove.o)
 .debug_frame   0x00000848       0x38 c:/program files (x86)/gnu arm embedded toolchain/10 2020-q4-major/bin/../lib/gcc/arm-none-eabi/10.2.1/../../../../arm-none-eabi/lib/thumb/v7-m/nofp\libg_nano.a(lib_a-nano-freer.o)
 .debug_frame   0x00000880       0x30 c:/program files (x86)/gnu arm embedded toolchain/10 2020-q4-major/bin/../lib/gcc/arm-none-eabi/10.2.1/../../../../arm-none-eabi/lib/thumb/v7-m/nofp\libg_nano.a(lib_a-nano-mallocr.o)
 .debug_frame   0x000008b0       0x3c c:/program files (x86)/gnu arm embedded toolchain/10 2020-q4-major/bin/../lib/gcc/arm-none-eabi/10.2.1/../../../../arm-none-eabi/lib/thumb/v7-m/nofp\libg_nano.a(lib_a-nano-reallocr.o)
 .debug_frame   0x000008ec       0x2c c:/program files (x86)/gnu arm embedded toolchain/10 2020-q4-major/bin/../lib/gcc/arm-none-eabi/10.2.1/../../../../arm-none-eabi/lib/thumb/v7-m/nofp\libg_nano.a(lib_a-sbrkr.o)
 .debug_frame   0x00000918       0x30 c:/program files (x86)/gnu arm embedded toolchain/10 2020-q4-major/bin/../lib/gcc/arm-none-eabi/10.2.1/../../../../arm-none-eabi/lib/thumb/v7-m/nofp\libg_nano.a(lib_a-mlock.o)
 .debug_frame   0x00000948       0x20 c:/program files (x86)/gnu arm embedded toolchain/10 2020-q4-major/bin/../lib/gcc/arm-none-eabi/10.2.1/../../../../arm-none-eabi/lib/thumb/v7-m/nofp\libg_nano.a(lib_a-nano-msizer.o)
 .debug_frame   0x00000968       0xb0 c:/program files (x86)/gnu arm embedded toolchain/10 2020-q4-major/bin/../lib/gcc/arm-none-eabi/10.2.1/../../../../arm-none-eabi/lib/thumb/v7-m/nofp\libg_nano.a(lib_a-lock.o)

.debug_str      0x00000000    0x56a76
 *(.debug_str)
 .debug_str     0x00000000     0x75aa ./system/src/newlib/_exit.o
                               0x7710 (size before relaxing)
 .debug_str     0x000075aa      0x4de ./system/src/newlib/_sbrk.o
                               0x6af1 (size before relaxing)
 .debug_str     0x00007a88      0xbc3 ./system/src/newlib/_startup.o
                               0x62f7 (size before relaxing)
 .debug_str     0x0000864b     0x1505 ./system/src/newlib/_syscalls.o
                               0x803e (size before relaxing)
 .debug_str     0x00009b50      0x826 ./system/src/diag/Trace.o
                               0x7e96 (size before relaxing)
 .debug_str     0x0000a376    0x4b2a2 ./system/src/diag/trace_impl.o
                              0x522fe (size before relaxing)
 .debug_str     0x00055618       0xc4 ./system/src/cortexm/_initialize_hardware.o
                              0x4e7e5 (size before relaxing)
 .debug_str     0x000556dc      0x1a6 ./system/src/cortexm/exception_handlers.o
                              0x5347c (size before relaxing)
 .debug_str     0x00055882      0x124 ./system/src/cmsis/system_stm32f10x.o
                              0x4e88f (size before relaxing)
 .debug_str     0x000559a6       0x57 ./system/src/cmsis/vectors_stm32f10x.o
                               0x3849 (size before relaxing)
 .debug_str     0x000559fd      0x424 ./src/EXTI_program.o
                               0x3189 (size before relaxing)
 .debug_str     0x00055e21      0x408 ./src/GPIO_program.o
                               0x3288 (size before relaxing)
 .debug_str     0x00056229      0x47a ./src/RCC_program.o
                               0x332d (size before relaxing)
 .debug_str     0x000566a3      0x2ab ./src/USART_program.o
                               0x3138 (size before relaxing)
 .debug_str     0x0005694e      0x128 ./src/main.o
                               0x3931 (size before relaxing)

.debug_loc      0x00000000     0x11b5
 *(.debug_loc)
 .debug_loc     0x00000000       0x15 ./system/src/newlib/_exit.o
 .debug_loc     0x00000015       0x97 ./system/src/newlib/_sbrk.o
 .debug_loc     0x000000ac      0x2de ./system/src/newlib/_startup.o
 .debug_loc     0x0000038a       0x6f ./system/src/newlib/_syscalls.o
 .debug_loc     0x000003f9      0x118 ./system/src/diag/Trace.o
 .debug_loc     0x00000511      0x194 ./system/src/diag/trace_impl.o
 .debug_loc     0x000006a5      0x35c ./system/src/cortexm/exception_handlers.o
 .debug_loc     0x00000a01       0xff ./system/src/cmsis/system_stm32f10x.o
 .debug_loc     0x00000b00       0x25 ./src/EXTI_program.o
 .debug_loc     0x00000b25      0x3af ./src/GPIO_program.o
 .debug_loc     0x00000ed4      0x1f0 ./src/RCC_program.o
 .debug_loc     0x000010c4       0x97 ./src/USART_program.o
 .debug_loc     0x0000115b       0x5a ./src/main.o

.debug_macinfo
 *(.debug_macinfo)

.debug_weaknames
 *(.debug_weaknames)

.debug_funcnames
 *(.debug_funcnames)

.debug_typenames
 *(.debug_typenames)

.debug_varnames
 *(.debug_varnames)
OUTPUT(STM32F103xx_Drivers.elf elf32-littlearm)
LOAD linker stubs

.debug_ranges   0x00000000      0x2d0
 .debug_ranges  0x00000000       0x18 ./system/src/newlib/_exit.o
 .debug_ranges  0x00000018       0x10 ./system/src/newlib/_sbrk.o
 .debug_ranges  0x00000028       0x30 ./system/src/newlib/_startup.o
 .debug_ranges  0x00000058       0x20 ./system/src/newlib/_syscalls.o
 .debug_ranges  0x00000078       0x28 ./system/src/diag/Trace.o
 .debug_ranges  0x000000a0       0x38 ./system/src/diag/trace_impl.o
 .debug_ranges  0x000000d8       0x18 ./system/src/cortexm/_initialize_hardware.o
 .debug_ranges  0x000000f0       0x98 ./system/src/cortexm/exception_handlers.o
 .debug_ranges  0x00000188       0x28 ./system/src/cmsis/system_stm32f10x.o
 .debug_ranges  0x000001b0       0x10 ./system/src/cmsis/vectors_stm32f10x.o
 .debug_ranges  0x000001c0       0x58 ./src/EXTI_program.o
 .debug_ranges  0x00000218       0x20 ./src/GPIO_program.o
 .debug_ranges  0x00000238       0x20 ./src/RCC_program.o
 .debug_ranges  0x00000258       0x30 ./src/USART_program.o
 .debug_ranges  0x00000288       0x48 ./src/main.o

.debug_macro    0x00000000     0x2b71
 .debug_macro   0x00000000      0x1ae ./system/src/newlib/_exit.o
 .debug_macro   0x000001ae       0x34 ./system/src/newlib/_exit.o
 .debug_macro   0x000001e2      0x10e ./system/src/newlib/_exit.o
 .debug_macro   0x000002f0       0x8d ./system/src/newlib/_exit.o
 .debug_macro   0x0000037d       0x43 ./system/src/newlib/_exit.o
 .debug_macro   0x000003c0      0x333 ./system/src/newlib/_exit.o
 .debug_macro   0x000006f3       0x35 ./system/src/newlib/_exit.o
 .debug_macro   0x00000728      0x163 ./system/src/newlib/_sbrk.o
 .debug_macro   0x0000088b      0x174 ./system/src/newlib/_sbrk.o
 .debug_macro   0x000009ff       0x10 ./system/src/newlib/_sbrk.o
 .debug_macro   0x00000a0f      0x23b ./system/src/newlib/_sbrk.o
 .debug_macro   0x00000c4a      0x15f ./system/src/newlib/_startup.o
 .debug_macro   0x00000da9      0x220 ./system/src/newlib/_syscalls.o
 .debug_macro   0x00000fc9       0x1c ./system/src/newlib/_syscalls.o
 .debug_macro   0x00000fe5       0x10 ./system/src/newlib/_syscalls.o
 .debug_macro   0x00000ff5       0x10 ./system/src/newlib/_syscalls.o
 .debug_macro   0x00001005       0x10 ./system/src/newlib/_syscalls.o
 .debug_macro   0x00001015       0x35 ./system/src/newlib/_syscalls.o
 .debug_macro   0x0000104a      0x12c ./system/src/newlib/_syscalls.o
 .debug_macro   0x00001176       0xce ./system/src/newlib/_syscalls.o
 .debug_macro   0x00001244       0x7c ./system/src/newlib/_syscalls.o
 .debug_macro   0x000012c0       0x17 ./system/src/newlib/_syscalls.o
 .debug_macro   0x000012d7      0x118 ./system/src/newlib/_syscalls.o
 .debug_macro   0x000013ef      0x189 ./system/src/newlib/_syscalls.o
 .debug_macro   0x00001578       0x16 ./system/src/newlib/_syscalls.o
 .debug_macro   0x0000158e      0x1f5 ./system/src/diag/Trace.o
 .debug_macro   0x00001783       0x16 ./system/src/diag/Trace.o
 .debug_macro   0x00001799       0x97 ./system/src/diag/Trace.o
 .debug_macro   0x00001830       0xfd ./system/src/diag/Trace.o
 .debug_macro   0x0000192d       0x10 ./system/src/diag/Trace.o
 .debug_macro   0x0000193d       0x16 ./system/src/diag/Trace.o
 .debug_macro   0x00001953      0x16f ./system/src/diag/Trace.o
 .debug_macro   0x00001ac2       0x4c ./system/src/diag/Trace.o
 .debug_macro   0x00001b0e       0x16 ./system/src/diag/Trace.o
 .debug_macro   0x00001b24      0x2c6 ./system/src/diag/trace_impl.o
 .debug_macro   0x00001dea       0x10 ./system/src/diag/trace_impl.o
 .debug_macro   0x00001dfa       0xcf ./system/src/diag/trace_impl.o
 .debug_macro   0x00001ec9       0x20 ./system/src/diag/trace_impl.o
 .debug_macro   0x00001ee9       0xbe ./system/src/diag/trace_impl.o
 .debug_macro   0x00001fa7       0x22 ./system/src/diag/trace_impl.o
 .debug_macro   0x00001fc9      0x16b ./system/src/cortexm/_initialize_hardware.o
 .debug_macro   0x00002134      0x31e ./system/src/cortexm/exception_handlers.o
 .debug_macro   0x00002452       0x3b ./system/src/cortexm/exception_handlers.o
 .debug_macro   0x0000248d       0x10 ./system/src/cortexm/exception_handlers.o
 .debug_macro   0x0000249d      0x16e ./system/src/cmsis/system_stm32f10x.o
 .debug_macro   0x0000260b       0x34 ./system/src/cmsis/vectors_stm32f10x.o
 .debug_macro   0x0000263f       0x56 ./src/EXTI_program.o
 .debug_macro   0x00002695       0x10 ./src/EXTI_program.o
 .debug_macro   0x000026a5       0x76 ./src/EXTI_program.o
 .debug_macro   0x0000271b       0x5a ./src/GPIO_program.o
 .debug_macro   0x00002775       0x28 ./src/GPIO_program.o
 .debug_macro   0x0000279d       0xdc ./src/GPIO_program.o
 .debug_macro   0x00002879       0x4f ./src/RCC_program.o
 .debug_macro   0x000028c8       0x6d ./src/RCC_program.o
 .debug_macro   0x00002935       0x1c ./src/RCC_program.o
 .debug_macro   0x00002951       0x28 ./src/RCC_program.o
 .debug_macro   0x00002979       0x55 ./src/USART_program.o
 .debug_macro   0x000029ce       0x10 ./src/USART_program.o
 .debug_macro   0x000029de       0x1c ./src/USART_program.o
 .debug_macro   0x000029fa       0x58 ./src/USART_program.o
 .debug_macro   0x00002a52       0xd1 ./src/main.o
 .debug_macro   0x00002b23       0x22 ./src/main.o
 .debug_macro   0x00002b45       0x16 ./src/main.o
 .debug_macro   0x00002b5b       0x16 ./src/main.o
